#
# Copyright 2016-2017 The Reaktivity Project
#
# The Reaktivity Project licenses this file to you under the Apache License,
# version 2.0 (the "License"); you may not use this file except in compliance
# with the License. You may obtain a copy of the License at:
#
#   http://www.apache.org/licenses/LICENSE-2.0
#
# Unless required by applicable law or agreed to in writing, software
# distributed under the License is distributed on an "AS IS" BASIS, WITHOUT
# WARRANTIES OR CONDITIONS OF ANY KIND, either express or implied. See the
# License for the specific language governing permissions and limitations
# under the License.
#

property newTargetInputRef ${nuklei:newReferenceId()} # external scope

property nuklei ${nuklei:directory("target/nukleus-itests").streamsCapacity(1024 * 1024, 64 * 1024)}

property sourceInput ${nuklei.streams("ws", "source")}
property targetInput ${nuklei.streams("target", "ws#source")}
property targetOutputEst ${nuklei.streams("ws", "target")}
property sourceOutputEst ${nuklei.streams("source", "ws#target")}

property newTargetInputId ${nuklei:newStreamId()}
property newSourceOutputEstId ${nuklei:newStreamId()}
property newTargetCorrelationId ${nuklei:newCorrelationId()}

connect await ROUTED_OUTPUT
        "agrona://stream/bidirectional"
        option agrona:reader ${agrona:oneToOneReader(sourceInput.buffer)}
        option agrona:writer ${agrona:oneToOneWriter(sourceInput.throttle)}
connected

read [0x00 0x00 0x00 0x01]
read ([0..8]:sourceInputId)
read ([0..8]:sourceInputRef)
read ([0..8]:sourceCorrelationId)
read [0x00] [0x07] ":scheme" [0x04] "http"
read [0x00] [0x07] ":method" [0x03] "GET"
read [0x00] [0x05] ":path" [0x05] "/echo"
read [0x00] [0x0a] ":authority" [0x0e] "localhost:8080"
read [0x00] [0x07] "upgrade" [0x09] "websocket"
read [0x00] [0x0a] "connection" [0x07] "upgrade"
read [0x00] [0x11] "sec-websocket-key" [0x18] /(?<key>[a-zA-Z0-9+\/=]{24})/
read [0x00] [0x15] "sec-websocket-version" [0x02] "13"

read notify HTTP_BEGIN_INPUT_RECEIVED

write [0x40 0x00 0x00 0x02]
write ${sourceInputId}
write [0x00 0x02 0x00 0x00]
write flush

read [0x00 0x00 0x00 0x02]
read ${sourceInputId}
read [0x00 0x06]
read [0x82 0x80] [0..4]

read notify HTTP_DATA_INPUT_RECEIVED

write [0x40 0x00 0x00 0x02]
write ${sourceInputId}
write [0x04 0x00 0x00 0x00]
write flush

close
closed

connect await ROUTED_INPUT
        "agrona://stream/bidirectional"
        option agrona:reader ${agrona:oneToOneReader(targetInput.throttle)}
        option agrona:writer ${agrona:oneToOneWriter(targetInput.buffer)}
connected

write await HTTP_BEGIN_INPUT_RECEIVED

write [0x00 0x00 0x00 0x01]
write ${newTargetInputId}
write ${newTargetInputRef}
write ${newTargetCorrelationId}
write flush

read [0x40 0x00 0x00 0x02]
read ${newTargetInputId}
read [0..4]

write await HTTP_DATA_INPUT_RECEIVED

write [0x00 0x00 0x00 0x02]
write ${newTargetInputId}
write [0x00 0x00]
write [0x82]
write flush

read [0x40 0x00 0x00 0x02]
read ${newTargetInputId}
read [0..4]

close
closed

connect await ROUTED_OUTPUT
        "agrona://stream/bidirectional"
        option agrona:reader ${agrona:oneToOneReader(targetOutputEst.buffer)}
        option agrona:writer ${agrona:oneToOneWriter(targetOutputEst.throttle)}
connected

read [0x00 0x00 0x00 0x01]
read ([0..8]:targetOutputEstId)
read ([0..8]:targetOutputEstRef)
read ${newTargetCorrelationId}

write [0x40 0x00 0x00 0x02]
write ${targetOutputEstId}
write [0x00 0x02 0x00 0x00]
write flush

read notify WS_BEGIN_OUTPUT_EST_RECEIVED

read [0x00 0x00 0x00 0x02]
read ${targetOutputEstId}
read [0x00 0x00]
read [0x82]

write [0x40 0x00 0x00 0x02]
write ${targetOutputEstId}
write [0x08 0x00 0x00 0x00]
write flush

write notify WS_DATA_OUTPUT_EST_RECEIVED

close
closed

connect await ROUTED_OUTPUT
        "agrona://stream/bidirectional"
        option agrona:reader ${agrona:oneToOneReader(sourceOutputEst.throttle)}
        option agrona:writer ${agrona:oneToOneWriter(sourceOutputEst.buffer)}
connected

write await WS_BEGIN_OUTPUT_EST_RECEIVED

write [0x00 0x00 0x00 0x01]
write ${newSourceOutputEstId}
write [0x00 0x00 0x00 0x00 0x00 0x00 0x00 0x00]
write ${sourceCorrelationId}
write [0x00] [0x07] ":status" [0x03] "101"
write [0x00] [0x07] "upgrade" [0x09] "websocket"
write [0x00] [0x0a] "connection" [0x07] "upgrade"
write [0x00] [0x14] "sec-websocket-accept" [0x1c] ${ws:handshakeHash(key)}
write flush

read [0x40 0x00 0x00 0x02]
read ${newSourceOutputEstId}
read [0..4]

write await WS_DATA_OUTPUT_EST_RECEIVED

write [0x00 0x00 0x00 0x02]
write ${newSourceOutputEstId}
write [0x00 0x02]
write [0x82 0x00]
write flush

read [0x40 0x00 0x00 0x02]
read ${newSourceOutputEstId}
read [0..4]

close
closed
