#
# Copyright 2016-2017 The Reaktivity Project
#
# The Reaktivity Project licenses this file to you under the Apache License,
# version 2.0 (the "License"); you may not use this file except in compliance
# with the License. You may obtain a copy of the License at:
#
#   http://www.apache.org/licenses/LICENSE-2.0
#
# Unless required by applicable law or agreed to in writing, software
# distributed under the License is distributed on an "AS IS" BASIS, WITHOUT
# WARRANTIES OR CONDITIONS OF ANY KIND, either express or implied. See the
# License for the specific language governing permissions and limitations
# under the License.
#

# TODO: revert this script to use k3po http transport as in k3po http specification once k3po
#       is enhanced to support manifesting this as high-level http

property location 'http://localhost:8080/path?query'
property newHandshakeKey ${ws:handshakeKey()}
property writeMask ${ws:randomBytes(4)}
property client124 ${ws:randomBytesUTF8(124)}
property newServerAcceptRef  ${nuklei:newReferenceId()} # external

connect await ROUTED_SERVER
        "nukleus://ws/streams/source"
  option nukleus:route ${newServerAcceptRef}
  option nukleus:transmission "half-duplex"

write nukleus:begin.ext ${http:headers()
                              .item(":scheme", "http")
                              .item(":method", "GET")
                              .item(":path", "/path?query")
                              .item(":authority", "localhost:8080")
                              .item("upgrade", "websocket")
                              .item("connection", "upgrade")
                              .item("sec-websocket-key", newHandshakeKey)
                              .item("sec-websocket-version", "13")
                              .build()}

connected

read nukleus:begin.ext ${http:headers()
                             .item(":status", "101")
                             .item("upgrade", "websocket")
                             .item("connection", "upgrade")
                             .item("sec-websocket-accept", ws:handshakeHash(newHandshakeKey))
                             .build()}

write [0x8a 0xfe 0x00 0x7e] ${writeMask}
write option mask ${writeMask}
write [0x03 0xe8] ${client124}
write option mask [0x00 0x00 0x00 0x00]

read [0x88 0x02 0x03 0xea]
